22:37:01 **** Incremental Build of configuration Debug for project leader_robot ****
make -j8 all 
arm-none-eabi-gcc "../Core/Src/main.c" -mcpu=cortex-m4 -std=gnu11 -g3 -DDEBUG -DUSE_HAL_DRIVER -DSTM32F411xE -c -I../Core/Inc -I../Drivers/STM32F4xx_HAL_Driver/Inc -I../Drivers/STM32F4xx_HAL_Driver/Inc/Legacy -I../Drivers/CMSIS/Device/ST/STM32F4xx/Include -I../Drivers/CMSIS/Include -O0 -ffunction-sections -fdata-sections -Wall -fstack-usage -fcyclomatic-complexity -MMD -MP -MF"Core/Src/main.d" -MT"Core/Src/main.o" --specs=nano.specs -mfpu=fpv4-sp-d16 -mfloat-abi=hard -mthumb -o "Core/Src/main.o"
arm-none-eabi-gcc -o "leader_robot.elf" @"objects.list"   -mcpu=cortex-m4 -T"G:\stm32cubeide\fileSave_cubeIDE\final_capstone_project\leader_Robot\leader_robot\STM32F411VETX_FLASH.ld" --specs=nosys.specs -Wl,-Map="leader_robot.map" -Wl,--gc-sections -static --specs=nano.specs -mfpu=fpv4-sp-d16 -mfloat-abi=hard -mthumb -u _printf_float -u _scanf_float -Wl,--start-group -lc -lm -Wl,--end-group
Finished building target: leader_robot.elf
 
arm-none-eabi-size  leader_robot.elf 
arm-none-eabi-objdump -h -S leader_robot.elf  > "leader_robot.list"
arm-none-eabi-objcopy  -O ihex leader_robot.elf  "leader_robot.hex"
   text	   data	    bss	    dec	    hex	filename
  53848	    496	   2680	  57024	   dec0	leader_robot.elf
Finished building: default.size.stdout
 
Finished building: leader_robot.hex
 
Finished building: leader_robot.list
 
22:37:05 **** Incremental Build of configuration Debug for project leader_robot ****
make -j8 all 
arm-none-eabi-size  leader_robot.elf 
   text	   data	    bss	    dec	    hex	filename
  53848	    496	   2680	  57024	   dec0	leader_robot.elf
Finished building: default.size.stdout
 
22:37:54 **** Incremental Build of configuration Debug for project leader_robot ****
make -j8 all 
arm-none-eabi-size  leader_robot.elf 
   text	   data	    bss	    dec	    hex	filename
  53848	    496	   2680	  57024	   dec0	leader_robot.elf
Finished building: default.size.stdout
 
