../Core/Src/main.c:103:6:HAL_UART_RxCpltCallback	16	static
../Core/Src/main.c:119:6:HAL_TIM_PeriodElapsedCallback	56	static
../Core/Src/main.c:194:5:main	8	static
../Core/Src/main.c:402:6:SystemClock_Config	88	static
../Core/Src/main.c:444:13:MX_TIM1_Init	96	static
../Core/Src/main.c:531:13:MX_TIM2_Init	56	static
../Core/Src/main.c:580:13:MX_TIM3_Init	32	static
../Core/Src/main.c:625:13:MX_TIM5_Init	56	static
../Core/Src/main.c:674:13:MX_USART2_UART_Init	8	static
../Core/Src/main.c:705:13:MX_DMA_Init	16	static
../Core/Src/main.c:723:13:MX_GPIO_Init	40	static
../Core/Src/main.c:756:6:Error_Handler	4	static,ignoring_inline_asm
